	.page
; a brief explanation of the pointer structure in basic:
;
;		   RAM bank 0			   RAM bank 1
;	FFFF	|---------------|<=(MAX_MEM_0)*	|---------------|<=(MAX_MEM_1)
;		|		|		|		|
;		|		|		|		|
;		|  Free RAM	|		|    Strings	|
;		|		|		|		|
;		|  		|		|		|
;		|		|		|---------------|<===(FRETOP)
;		|		|		|		|
;		|---------------|<==(TEXT_TOP)	|		|
;		|		|		|		|
;		|		|		|		|
;		|		|		|		|
;		|   Text area	|		|   		|
;		|		|		|---------------|<===(STREND)
;		|  		|		|		|
;		|		|		|		|
;	4000===>|---------------|<=\		|    Arrays	|
;		|		|   \		|		|
;		| Bit Mapped	|    \		|		|
;		|   Screen	| (TXTTAB)	|		|
;		|  (Sometimes)	|    /		|---------------|<===(ARYTAB)
;		|(and color RAM)|   /		|		|
;	1C00===>|---------------|<=/		|		|
;		|		|		|		|
;		| Misc. Buffers |		|    		|
;		|		|		|		|
;	1000===>|---------------|		|		|
;		|		|		|   Variables	|
;		|  Misc. Var's	|		|		|
;		|		|		|		|
;	0800===>|---------------|		|  		|
;		|		|		|		|
;		|  Text Screen	|		| 		|
;		|		|		|		|
;	0400===>|---------------|<=============>|---------------|<===(VARTAB)
;		|		|		|		|
;		|  Common RAM	|		|  Common RAM	|
;		|		|		|		|
;	0000	|_______________|		|_______________|
;
;
;	1.  * indicates a new pointer.

